12.3
1
5
nan
3.2010898763691
0.0811223921009
0.08148065475471
0.0813906444483
0.08121151437921
99
1.48940568234659
nan
nan
3.20439481754902
1.489673934694
1.489673934694
nan
1.489673934694
catsanddogs
00000000000000000000000000001100

catsanddogs
12.3
13


12
0.96473261788661
109847.99433834482625
-3.66495480230944
1.00000000004144
12.3
-3.79893323223389
0.00000910348893
02/07/2016
1
704.73808801091252
219695.98867213790072
[]
13
12
0.3
49
1
C
2
12
1
0
0
0
0
1
0
0
1721426
0
catsanddogs
c


0
2.50959926237837
1.0899051114394
catsanddogs
catsanddogs
5
atsa
2
14
0
100
188
0.58119464091411
czzzzsanddogs
-8421504
-16579836
dogs


0
0.75898406142369
12.3
catsanddogs
1.03655663907234
0.00000910348893
0
0
0
[]
1
-0.2632317913658
109847.99433379307447
                                                                                                                                                                                                                                                                                                                                                                                                                                                                                                                                                                                                                                                                                                                                                                                                                                                                                                                                                                                                                                                                                                                                                                                                                                                                                  
                                                                                                                                                                                                                                                                                                                                                                                                                                                                                                                                                                                                                                                                                                                                                                                                                                                                                                                                                                                                                                                                                                                                                                                                                                                                                  
3.50713558335004
catsanddogs
1234
stringsstringsstringsstringsstringsstringsstringsstringsstringsstrings
10
54

-0.27285466095512
0.99999999995856
1
11
9600014
09:56:46
35806
source
catsanddogs
1
11
0
CATSANDDOGS
CATSANDDOGS
0
-111
0
0
