TEST: Arrays, unound, lbound
array: {"cat":{"name":"lots"},"zz":"memleak","other":"thing"}
