* simple
psa:1
1
psb:1
-1

* array
psa:[1,2,3]
[1,2,3]
psb:[1,2,3]
[-1,2,3]

* nested array #1
psa:[[2,3,4],2,3]
[[2,3,4],2,3]
psb:[[2,3,4],2,3]
[[-1,3,4],2,3]

* nested array #2
psa:[2,3,4]
[2,3,4]
psb:[2,3,4]
[-1,3,4]
3
