TauChild::initialized

Tau::initilized

Tau's exported variable: 	Tau's exported variable
Function fooF          : 	Tau's fooF(Hi) is here
Procedure fooP         : 
Tau's fooP(Hi) is here
message from main
message from tau
[1,2,3,4]
[1mPredefined Variables[0m
PI     =3.14159265358979
