something
123
{"blah":"something","other":123,"100":"cats"}
