Normal IF - Ok
Inline IF - Ok
Ok
Ok
label 500 - Ok
label 600 - Ok
3 inline IFs
True
