[1mMATRICES[0m

[-6;2;-7] + [5;4;-6] = [-1;6;-13]
[-6;2;-7] - [5;4;-6] = [-11;-2;-1]
[-6;2;-7] * 0.5 = [-3;1;-3.5]
A = [-6;2;-7], -A = [6;-2;7]

[-2;3] * [7,6,-3,5] = [-14,-12,6,-10;21,18,-9,15]

[2,4;-1,-2] * [-2,2,4;1,-1,-2] = [0,0,0;0,0,0]

[-3,0;2,-1] * [4,-2;3,5] = [-12,6;5,-9]

Solve this:
  5x - 2y + 3z = -2
 -2x + 7y + 5z =  7
  3x + 5y + 6z =  9

[x; y; z] = [2;3;-2]

