Proc1: no parameters
Proc2=String test
Proc2=0.5
Proc3=3
Proc4=4
sub-proc5=4
sub-proc6=4
Proc5 - Array=0
Proc5 - Array=1
Proc5 - Array=2
Proc5 - Array=3
Proc5 - Array=4
proc5: ok
proc6: ok
proc6: ok
R:2
R:3
R:4
R:5
R:6
R:7
R:8
R:9
R:10
REXIT:10
REXIT:9
REXIT:8
REXIT:7
REXIT:6
REXIT:5
REXIT:4
REXIT:3
REXIT:2
f(x)=256
23
16
15
14
13
12
11
10
9
8
7
6
5
4
3
2
1
0
0
1
2
3
4
5
6
7
8
9
10
11
12
13
14
15
16
