cat=	cat
dog=	dog
3=	3
1=	1
a=b	a=b
a<>b	a<>b
{"NAME":"kitchen"}
{"NAME":"hall"}
{"FRIDGE":"empty","NAME":"Kitchen"}
{"NAME":"toilet","OCCUPIED":-1}
{"FRIDGE":"empty","NAME":"Kitchen"}
{"NAME":"hall"}
toilet
