1bcdefg
1b4567
1b7
1
1bc234567
1bcI4567

1
4567
1
4567
