Hello	 world!
I read: [Hello]+[ world!]
NL=[Hello, world!]
NL=[One more text line]
