start of test
a:
{"xcat":"cat","xfish":{"small":"small","big":"big"},"xdog":"dog"}
In a:
a.xcat=cat
a.xfish={"small":"small","big":"big"}
a.xdog=dog
In a.xfish:
a.xfish.small=small
a.xfish.big=big
3
2
